[     217ms] [INFO] %cDownload the React DevTools for a better development experience: https://react.dev/link/react-devtools font-weight:bold @ http://localhost:3000/_next/static/chunks/69b40_next_dist_b45e1ce7._.js:2297
[     230ms] [LOG] [HMR] connected @ http://localhost:3000/_next/static/chunks/69b40_next_dist_b45e1ce7._.js:2297
[     255ms] [LOG] %c[Vercel Web Analytics]%c Debug mode is enabled by default in development. No requests will be sent to the server. color: rgb(120, 120, 120) color: inherit @ http://localhost:3000/_next/static/chunks/69b40_next_dist_b45e1ce7._.js:2297
[     255ms] [LOG] %c[Vercel Web Analytics]%c Running queued event color: rgb(120, 120, 120) color: inherit pageview {route: /, path: /} @ http://localhost:3000/_next/static/chunks/69b40_next_dist_b45e1ce7._.js:2297
[     256ms] [LOG] %c[Vercel Web Analytics]%c [view] http://localhost:3000/ color: rgb(120, 120, 120) color: inherit {o: http://localhost:3000/, sv: 0.1.3, sdkn: @vercel/analytics/next, sdkv: 1.5.0, ts: 1778287546524} /_vercel/insights/view @ http://localhost:3000/_next/static/chunks/69b40_next_dist_b45e1ce7._.js:2297
[   36731ms] [LOG] [HMR] connected @ http://localhost:3000/_next/static/chunks/69b40_next_dist_b45e1ce7._.js:2297
[  436567ms] [ERROR] WebSocket connection to 'ws://localhost:3000/_next/webpack-hmr?id=2c8GJsnu54vrluDefpql_' failed:  @ http://localhost:3000/_next/static/chunks/69b40_next_dist_client_dfa840a4._.js:10876
[  467965ms] [ERROR] Failed to fetch RSC payload for http://localhost:3000/projects. Falling back to browser navigation. TypeError: Failed to fetch
    at createFetch (http://localhost:3000/_next/static/chunks/69b40_next_dist_client_dfa840a4._.js:2588:24)
    at fetchServerResponse (http://localhost:3000/_next/static/chunks/69b40_next_dist_client_dfa840a4._.js:2490:27)
    at navigateDynamicallyWithNoPrefetch (http://localhost:3000/_next/static/chunks/69b40_next_dist_client_dfa840a4._.js:7941:90)
    at navigate (http://localhost:3000/_next/static/chunks/69b40_next_dist_client_dfa840a4._.js:7726:15)
    at navigateReducer (http://localhost:3000/_next/static/chunks/69b40_next_dist_client_dfa840a4._.js:8237:45)
    at clientReducer (http://localhost:3000/_next/static/chunks/69b40_next_dist_client_dfa840a4._.js:9063:61)
    at Object.action (http://localhost:3000/_next/static/chunks/69b40_next_dist_client_dfa840a4._.js:9308:55)
    at runAction (http://localhost:3000/_next/static/chunks/69b40_next_dist_client_dfa840a4._.js:9213:38)
    at dispatchAction (http://localhost:3000/_next/static/chunks/69b40_next_dist_client_dfa840a4._.js:9276:9)
    at Object.dispatch (http://localhost:3000/_next/static/chunks/69b40_next_dist_client_dfa840a4._.js:9306:40)
    at http://localhost:3000/_next/static/chunks/69b40_next_dist_client_dfa840a4._.js:1489:29
    at startTransition (http://localhost:3000/_next/static/chunks/69b40_next_dist_compiled_react-dom_e0cb9d2c._.js:5500:31)
    at dispatch (http://localhost:3000/_next/static/chunks/69b40_next_dist_client_dfa840a4._.js:1488:13)
    at dispatchAppRouterAction (http://localhost:3000/_next/static/chunks/69b40_next_dist_client_dfa840a4._.js:1470:5)
    at dispatchNavigateAction (http://localhost:3000/_next/static/chunks/69b40_next_dist_client_dfa840a4._.js:9360:49)
    at http://localhost:3000/_next/static/chunks/69b40_b06fbdde._.js:1248:13
    at Object.startTransition (http://localhost:3000/_next/static/chunks/69b40_next_dist_compiled_16b5497d._.js:1279:31)
    at linkClicked (http://localhost:3000/_next/static/chunks/69b40_b06fbdde._.js:1247:24)
    at onClick (http://localhost:3000/_next/static/chunks/69b40_b06fbdde._.js:1488:13)
    at executeDispatch (http://localhost:3000/_next/static/chunks/69b40_next_dist_compiled_react-dom_e0cb9d2c._.js:10314:13)
    at runWithFiberInDEV (http://localhost:3000/_next/static/chunks/69b40_next_dist_compiled_react-dom_e0cb9d2c._.js:965:74)
    at processDispatchQueue (http://localhost:3000/_next/static/chunks/69b40_next_dist_compiled_react-dom_e0cb9d2c._.js:10340:41)
    at http://localhost:3000/_next/static/chunks/69b40_next_dist_compiled_react-dom_e0cb9d2c._.js:10615:13
    at batchedUpdates$1 (http://localhost:3000/_next/static/chunks/69b40_next_dist_compiled_react-dom_e0cb9d2c._.js:2253:44)
    at dispatchEventForPluginEventSystem (http://localhost:3000/_next/static/chunks/69b40_next_dist_compiled_react-dom_e0cb9d2c._.js:10416:9)
    at dispatchEvent (http://localhost:3000/_next/static/chunks/69b40_next_dist_compiled_react-dom_e0cb9d2c._.js:12935:37)
    at dispatchDiscreteEvent (http://localhost:3000/_next/static/chunks/69b40_next_dist_compiled_react-dom_e0cb9d2c._.js:12917:64) @ http://localhost:3000/_next/static/chunks/69b40_next_dist_b45e1ce7._.js:3127
[  488711ms] [ERROR] WebSocket connection to 'ws://localhost:3000/_next/webpack-hmr?id=2c8GJsnu54vrluDefpql_' failed: Error in connection establishment: net::ERR_CONNECTION_REFUSED @ http://localhost:3000/_next/static/chunks/69b40_next_dist_client_dfa840a4._.js:10876
[  499748ms] [INFO] %cDownload the React DevTools for a better development experience: https://react.dev/link/react-devtools font-weight:bold @ http://localhost:3000/_next/static/chunks/node_modules_next_dist_f3530cac._.js:2297
[  499910ms] [LOG] %c[Vercel Web Analytics]%c Debug mode is enabled by default in development. No requests will be sent to the server. color: rgb(120, 120, 120) color: inherit @ http://localhost:3000/_next/static/chunks/node_modules_next_dist_f3530cac._.js:2297
[  499910ms] [LOG] %c[Vercel Web Analytics]%c Running queued event color: rgb(120, 120, 120) color: inherit pageview {route: /projects, path: /projects} @ http://localhost:3000/_next/static/chunks/node_modules_next_dist_f3530cac._.js:2297
[  499911ms] [LOG] %c[Vercel Web Analytics]%c [view] http://localhost:3000/projects color: rgb(120, 120, 120) color: inherit {o: http://localhost:3000/projects, sv: 0.1.3, sdkn: @vercel/analytics/next, sdkv: 1.5.0, ts: 1778288046180} /_vercel/insights/view @ http://localhost:3000/_next/static/chunks/node_modules_next_dist_f3530cac._.js:2297
[  499977ms] [LOG] [HMR] connected @ http://localhost:3000/_next/static/chunks/node_modules_next_dist_f3530cac._.js:2297
[  500422ms] [WARNING] Image with src "/pdfp.png" was detected as the Largest Contentful Paint (LCP). Please add the `loading="eager"` property if this image is above the fold.
Read more: https://nextjs.org/docs/app/api-reference/components/image#loading @ http://localhost:3000/_next/static/chunks/node_modules_next_dist_f3530cac._.js:2297
